Last login: Tue Jan 23 12:46:56 on ttys000
Michelles-MacBook-Pro:~ michellelee$ cd /usr/local/mysql/bin
Michelles-MacBook-Pro:bin michellelee$ ./mysql -u root -p
Enter password: 
Welcome to the MySQL monitor.  Commands end with ; or \g.
Your MySQL connection id is 24
Server version: 5.7.17 MySQL Community Server (GPL)

Copyright (c) 2000, 2016, Oracle and/or its affiliates. All rights reserved.

Oracle is a registered trademark of Oracle Corporation and/or its
affiliates. Other names may be trademarks of their respective
owners.

Type 'help;' or '\h' for help. Type '\c' to clear the current input statement.

mysql> use denver;
Reading table information for completion of table and column names
You can turn off this feature to get a quicker startup with -A

Database changed
mysql> show tables;
+-------------------+
| Tables_in_denver  |
+-------------------+
| baker_realestate  |
| baker_realestate2 |
+-------------------+
2 rows in set (0.00 sec)

mysql> #select distince street names
mysql> SELECT DISTINCT streetname FROM baker_realestate2;
+------------+
| streetname |
+------------+
| elati      |
| galapago   |
| 1st        |
| byers      |
| inca       |
| fox        |
| delaware   |
| bannock    |
| cherokee   |
| 4th        |
| 2nd        |
| 3rd        |
| 5th        |
+------------+
13 rows in set (0.06 sec)

mysql> #these are the street names in the baker neighborhood
mysql> 
mysql> SELECT * from baker_realestate2 WHERE soldprice > 300000;
+---------+--------------+------------+-----------+-----------+------------+------------+------+---------+----------+-----------+
| id      | streetnumber | streetname | listprice | soldprice | listdate   | solddate   | sqft | bedroom | bathroom | yearbuilt |
+---------+--------------+------------+-----------+-----------+------------+------------+------+---------+----------+-----------+
| 1904999 |           43 | elati      |    580500 |    570000 | 2017-04-10 | 2017-05-19 | 1575 |       3 |        2 |      1901 |
| 8825883 |          114 | galapago   |    389900 |    395000 | 2017-11-01 | 2017-12-04 | 1288 |       3 |        1 |      1910 |
| 2078756 |          147 | 1st        |    615000 |    629000 | 2017-09-14 | 2017-11-22 | 2312 |       4 |        3 |      1901 |
| 9463291 |          188 | byers      |    575000 |    561000 | 2017-09-21 | 2017-12-29 | 1845 |       4 |        2 |      1901 |
| 4901616 |          215 | inca       |    325000 |    325000 | 2017-10-05 | 2017-11-20 | 1644 |       4 |        2 |      1955 |
| 3246219 |          229 | inca       |    450000 |    415000 | 2017-05-18 | 2017-06-26 | 1464 |       3 |        2 |      1901 |
| 1705344 |          243 | inca       |    325000 |    325000 | 2017-09-21 | 2017-10-02 |  778 |       2 |        1 |      1901 |
| 4701434 |          261 | inca       |    399000 |    363000 | 2016-06-21 | 2017-09-15 |  723 |       2 |        1 |      1959 |
| 8891762 |          275 | delaware   |    475000 |    451000 | 2017-06-15 | 2017-07-24 | 1205 |       3 |        2 |      1901 |
|    1000 |          295 | bannock    |      NULL |    750000 | NULL       | 2017-06-22 | 1345 |       2 |        2 |      1924 |
| 7113838 |          311 | inca       |    450000 |    448000 | 2016-06-26 | 2017-08-23 | 1075 |       3 |        2 |      1901 |
| 8438062 |          321 | galapago   |      NULL |    310000 | NULL       | 2017-07-03 |  690 |       1 |        1 |      1910 |
| 9892773 |          334 | fox        |    624900 |    608000 | 2017-10-13 | 2017-12-27 | 1859 |       3 |        3 |      2007 |
| 7866680 |          341 | fox        |    423000 |    450000 | 2017-02-18 | 2017-03-21 | 1301 |       3 |        2 |      1910 |
| 6269020 |          346 | galapago   |    425000 |    412000 | 2017-10-12 | 2017-12-29 |  836 |       2 |        2 |      1901 |
| 7636137 |          367 | cherokee   |    370000 |    385000 | 2017-06-14 | 2017-07-24 |  835 |       2 |        1 |      1901 |
| 7613132 |          409 | inca       |    550000 |    549900 | 2017-07-10 | 2017-08-25 | 1677 |       3 |        3 |      1901 |
| 8573095 |          424 | fox        |    300000 |    311000 | 2017-06-28 | 2017-08-08 | 1105 |       2 |        1 |      1902 |
| 9720494 |          436 | delaware   |    420000 |    440000 | 2017-09-28 | 2017-10-26 | 1250 |       2 |        1 |      1905 |
|    1001 |          436 | elati      |    500000 |    515000 | 2017-07-06 | 2017-08-15 | 1464 |       2 |        2 |      1901 |
|    1002 |          444 | elati      |      NULL |    334260 | NULL       | 2017-06-14 | 1087 |       3 |        1 |      1901 |
| 7040875 |          446 | delaware   |    400000 |    400000 | 2017-09-15 | 2017-11-07 | 1422 |       4 |        2 |      1901 |
|    1003 |          449 | galapago   |    565000 |    520000 | 2016-03-12 | 2016-06-30 | 2087 |       3 |        3 |      1901 |
| 5304893 |          453 | delaware   |    525000 |    507500 | 2017-08-18 | 2017-10-03 | 1558 |       3 |        2 |      1901 |
|    1004 |          462 | elati      |    399900 |    342000 | 2017-05-26 | 2017-09-13 | 1144 |       3 |        2 |      1901 |
| 5976985 |          466 | galapago   |    400000 |    450000 | 2017-07-25 | 2017-08-29 | 1166 |       2 |        1 |      1901 |
| 1620939 |          469 | delaware   |    650000 |    745000 | 2017-05-17 | 2017-06-30 | 1300 |       3 |        2 |      1901 |
| 2238155 |          519 | galapago   |    415000 |    430000 | 2017-09-15 | 2017-11-21 | 1175 |       3 |        2 |      1901 |
| 9876608 |          534 | inca       |    599000 |    569900 | 2017-06-13 | 2017-08-28 | 3044 |       3 |        3 |      1914 |
| 6546655 |          534 | delaware   |    530000 |    541700 | 2017-04-27 | 2017-06-13 | 1678 |       4 |        2 |      1901 |
|    1005 |          547 | galapago   |    549000 |    575000 | 2017-06-16 | 2017-09-14 | 2067 |       3 |        3 |      1901 |
| 2460709 |          811 | 4th        |    400000 |    377500 | 2017-05-12 | 2017-07-17 | 1488 |       3 |        2 |      2001 |
| 9245155 |          369 | cherokee   |    340000 |    355000 | 2017-04-25 | 2017-06-09 |  835 |       2 |        1 |      1901 |
| 7636093 |          317 | delaware   |    300000 |    347000 | 2017-05-19 | 2017-06-06 | 1104 |       0 |        1 |      1901 |
|    1006 |          523 | 3rd        |      NULL |    385000 | NULL       | 2017-05-19 |  900 |       2 |        1 |      1924 |
| 5230354 |          241 | inca       |    410000 |    417000 | 2017-04-13 | 2017-05-16 |  942 |       2 |        1 |      1901 |
| 5561750 |          331 | cherokee   |    425000 |    425000 | 2016-10-28 | 2017-01-27 | 1885 |       2 |        3 |      1901 |
|  779751 |          435 | cherokee   |    445000 |    450000 | 2016-11-17 | 2016-12-27 | 1366 |       3 |        2 |      1902 |
|    1007 |          355 | galapago   |      NULL |    512000 | NULL       | 2016-12-01 | 1742 |       3 |        3 |      2015 |
| 7928290 |          447 | cherokee   |    337000 |    340000 | 2016-09-17 | 2016-11-21 |  777 |       2 |        1 |      1902 |
| 6696594 |          237 | 3rd        |    498000 |    470500 | 2016-09-22 | 2016-11-14 | 1998 |       3 |        2 |      1901 |
| 4930953 |          421 | cherokee   |    549900 |    530000 | 2016-09-07 | 2016-11-10 | 2172 |       2 |        2 |      1906 |
| 8461257 |          257 | delaware   |      NULL |    487500 | NULL       | 2016-10-25 | 1842 |       3 |        2 |      1901 |
| 6451943 |          310 | delaware   |      NULL |    417000 | NULL       | 2016-10-17 | 1271 |       3 |        3 |      1901 |
|  824574 |          322 | inca       |      NULL |    424000 | NULL       | 2016-10-05 | 1206 |       3 |        2 |      1901 |
| 2381743 |          347 | galapago   |    393000 |    375000 | 2016-08-05 | 2016-09-27 | 1001 |       2 |        1 |      1901 |
| 9890023 |          549 | galapago   |    546000 |    548000 | 2016-07-07 | 2016-08-02 | 1877 |       3 |        3 |      1901 |
| 3317276 |          529 | cherokee   |    350000 |    350000 | 2016-02-16 | 2016-07-28 |  900 |       2 |        2 |      1915 |
| 2141878 |          415 | 3rd        |    450000 |    443500 | 2016-06-16 | 2016-07-22 | 1667 |       3 |        2 |      1901 |
| 6851738 |          440 | elati      |    480000 |    480000 | 2016-06-02 | 2016-07-12 | 1344 |       3 |        2 |      1901 |
| 3712328 |          353 | cherokee   |    400000 |    435000 | 2016-06-02 | 2016-07-08 | 1340 |       3 |        2 |      1901 |
|    1008 |          256 | galapago   |    445000 |    400000 | 2016-05-12 | 2016-07-06 | 1700 |       4 |        2 |      1923 |
|    1009 |          342 | galapago   |      NULL |    460000 | NULL       | 2016-06-24 |  672 |       2 |        2 |      1901 |
| 7359216 |          201 | 4th        |    525000 |    560000 | 2016-05-05 | 2016-06-13 | 2216 |       3 |        2 |      1921 |
| 7610675 |          335 | bannock    |    489000 |    525000 | 2016-04-15 | 2016-06-02 | 1473 |       2 |        3 |      1904 |
| 7327439 |          404 | fox        |    375000 |    392000 | 2016-04-14 | 2016-05-19 | 1100 |       3 |        1 |      1901 |
| 3885828 |          309 | cherokee   |    495000 |    516000 | 2016-02-26 | 2016-05-16 | 1235 |       2 |        2 |      1954 |
| 2793484 |          226 | 3rd        |    420000 |    471000 | 2016-03-31 | 2016-05-09 | 1547 |       2 |        2 |      1901 |
| 7303168 |          430 | cherokee   |      NULL |    340000 | NULL       | 2016-04-29 |  800 |       1 |        1 |      1901 |
|    1013 |          344 | delaware   |    380000 |    395000 | 2016-01-14 | 2016-02-25 | 1443 |       3 |        2 |      1901 |
| 1120590 |          450 | fox        |      NULL |    394000 | NULL       | 2016-02-23 | 1725 |       3 |        2 |      1901 |
| 7335124 |          547 | fox        |    415000 |    430000 | 2015-12-16 | 2016-02-01 | 1592 |       3 |        2 |      1901 |
| 9420304 |          263 | cherokee   |    450000 |    456500 | 2015-12-05 | 2016-01-15 | 1851 |       3 |        2 |      1901 |
| 7598840 |          611 | 4th        |    399000 |    385000 | 2015-10-06 | 2016-01-14 | 1656 |       3 |        2 |      1999 |
| 7683882 |          310 | fox        |    349000 |    305000 | 2015-09-26 | 2016-01-08 |  900 |       2 |        1 |      1901 |
|    1015 |          443 | galapago   |    439000 |    425000 | 2015-05-19 | 2015-12-15 | 1444 |       2 |        3 |      2015 |
| 4529122 |          351 | bannock    |    525000 |    525000 | 2015-10-14 | 2015-11-30 | 1916 |       3 |        3 |      1901 |
| 2715992 |          425 | galapago   |    475000 |    470000 | 2015-09-24 | 2015-11-03 |  831 |       2 |        1 |      1901 |
| 7992317 |          272 | inca       |    420000 |    402500 | 2015-06-17 | 2015-09-30 | 1340 |       3 |        2 |      1901 |
| 4200662 |          433 | fox        |    440000 |    455000 | 2015-08-20 | 2015-09-22 | 1602 |       3 |        2 |      1901 |
+---------+--------------+------------+-----------+-----------+------------+------------+------+---------+----------+-----------+
70 rows in set (0.05 sec)

mysql> mysql> SELECT * from baker_realestate2 WHERE soldprice > 300000 AND streetname = galapago;
ERROR 1054 (42S22): Unknown column 'galapago' in 'where clause'
mysql> SELECT * from baker_realestate2 WHERE soldprice > 300000 AND streetname = "galapago";
+---------+--------------+------------+-----------+-----------+------------+------------+------+---------+----------+-----------+
| id      | streetnumber | streetname | listprice | soldprice | listdate   | solddate   | sqft | bedroom | bathroom | yearbuilt |
+---------+--------------+------------+-----------+-----------+------------+------------+------+---------+----------+-----------+
| 8825883 |          114 | galapago   |    389900 |    395000 | 2017-11-01 | 2017-12-04 | 1288 |       3 |        1 |      1910 |
| 8438062 |          321 | galapago   |      NULL |    310000 | NULL       | 2017-07-03 |  690 |       1 |        1 |      1910 |
| 6269020 |          346 | galapago   |    425000 |    412000 | 2017-10-12 | 2017-12-29 |  836 |       2 |        2 |      1901 |
|    1003 |          449 | galapago   |    565000 |    520000 | 2016-03-12 | 2016-06-30 | 2087 |       3 |        3 |      1901 |
| 5976985 |          466 | galapago   |    400000 |    450000 | 2017-07-25 | 2017-08-29 | 1166 |       2 |        1 |      1901 |
| 2238155 |          519 | galapago   |    415000 |    430000 | 2017-09-15 | 2017-11-21 | 1175 |       3 |        2 |      1901 |
|    1005 |          547 | galapago   |    549000 |    575000 | 2017-06-16 | 2017-09-14 | 2067 |       3 |        3 |      1901 |
|    1007 |          355 | galapago   |      NULL |    512000 | NULL       | 2016-12-01 | 1742 |       3 |        3 |      2015 |
| 2381743 |          347 | galapago   |    393000 |    375000 | 2016-08-05 | 2016-09-27 | 1001 |       2 |        1 |      1901 |
| 9890023 |          549 | galapago   |    546000 |    548000 | 2016-07-07 | 2016-08-02 | 1877 |       3 |        3 |      1901 |
|    1008 |          256 | galapago   |    445000 |    400000 | 2016-05-12 | 2016-07-06 | 1700 |       4 |        2 |      1923 |
|    1009 |          342 | galapago   |      NULL |    460000 | NULL       | 2016-06-24 |  672 |       2 |        2 |      1901 |
|    1015 |          443 | galapago   |    439000 |    425000 | 2015-05-19 | 2015-12-15 | 1444 |       2 |        3 |      2015 |
| 2715992 |          425 | galapago   |    475000 |    470000 | 2015-09-24 | 2015-11-03 |  831 |       2 |        1 |      1901 |
+---------+--------------+------------+-----------+-----------+------------+------------+------+---------+----------+-----------+
14 rows in set (0.05 sec)

mysql> SELECT MIN(soldprice) FROM baker_realestate2;
+----------------+
| MIN(soldprice) |
+----------------+
|         200000 |
+----------------+
1 row in set (0.07 sec)

mysql> SELECT MAX(soldprice) FROM baker_realestate2;
+----------------+
| MAX(soldprice) |
+----------------+
|         750000 |
+----------------+
1 row in set (0.00 sec)

mysql> SELECT MIN(soldprice) FROM baker_realestate2 WHERE streetname = "galapago";
+----------------+
| MIN(soldprice) |
+----------------+
|         239500 |
+----------------+
1 row in set (0.00 sec)

mysql> SELECT MAX(soldprice) FROM baker_realestate2 WHERE streetname = "galapago";
+----------------+
| MAX(soldprice) |
+----------------+
|         575000 |
+----------------+
1 row in set (0.00 sec)

mysql> SELECT AVG(soldprice) FROM baker_realestate2;
+----------------+
| AVG(soldprice) |
+----------------+
|    404602.8889 |
+----------------+
1 row in set (0.03 sec)

mysql> SELECT AVG(soldprice) FROM baker_realestate2 WHERE streetname = "galapago";
+----------------+
| AVG(soldprice) |
+----------------+
|    422906.2500 |
+----------------+
1 row in set (0.00 sec)

mysql> SELECT AVG(soldprice) FROM baker_realestate2 WHERE streetnumber LIKE '2%';
+----------------+
| AVG(soldprice) |
+----------------+
|    406166.6667 |
+----------------+
1 row in set (0.03 sec)

mysql> SELECT AVG(soldprice) FROM baker_realestate2 WHERE streetnumber LIKE '2%' AND streename = "galapago";
ERROR 1054 (42S22): Unknown column 'streename' in 'where clause'
mysql> SELECT AVG(soldprice) FROM baker_realestate2 WHERE streetnumber LIKE '2%' AND streetname = "galapago";
+----------------+
| AVG(soldprice) |
+----------------+
|    294833.3333 |
+----------------+
1 row in set (0.00 sec)

mysql> SELECT streetnumber, streetname, soldprice, solddate FROM baker_realestate2 ORDER BY streetname ASC;
+--------------+------------+-----------+------------+
| streetnumber | streetname | soldprice | solddate   |
+--------------+------------+-----------+------------+
|          147 | 1st        |    629000 | 2017-11-22 |
|          722 | 2nd        |    270000 | 2017-11-29 |
|          523 | 3rd        |    385000 | 2017-05-19 |
|          237 | 3rd        |    470500 | 2016-11-14 |
|          415 | 3rd        |    443500 | 2016-07-22 |
|          226 | 3rd        |    471000 | 2016-05-09 |
|          630 | 4th        |    250000 | 2017-11-30 |
|          811 | 4th        |    377500 | 2017-07-17 |
|          201 | 4th        |    560000 | 2016-06-13 |
|          611 | 4th        |    385000 | 2016-01-14 |
|          728 | 5th        |    255000 | 2016-09-06 |
|          722 | 5th        |    230000 | 2015-07-17 |
|          295 | bannock    |    750000 | 2017-06-22 |
|          335 | bannock    |    525000 | 2016-06-02 |
|          351 | bannock    |    525000 | 2015-11-30 |
|          188 | byers      |    561000 | 2017-12-29 |
|          367 | cherokee   |    385000 | 2017-07-24 |
|          500 | cherokee   |    295000 | 2017-07-05 |
|          369 | cherokee   |    355000 | 2017-06-09 |
|          331 | cherokee   |    425000 | 2017-01-27 |
|          512 | cherokee   |    240000 | 2017-01-09 |
|          435 | cherokee   |    450000 | 2016-12-27 |
|          447 | cherokee   |    340000 | 2016-11-21 |
|          421 | cherokee   |    530000 | 2016-11-10 |
|          529 | cherokee   |    350000 | 2016-07-28 |
|          353 | cherokee   |    435000 | 2016-07-08 |
|          309 | cherokee   |    516000 | 2016-05-16 |
|          430 | cherokee   |    340000 | 2016-04-29 |
|          508 | cherokee   |    230000 | 2016-02-25 |
|          263 | cherokee   |    456500 | 2016-01-15 |
|          229 | cherokee   |    292500 | 2015-08-10 |
|          516 | cherokee   |    258500 | 2015-07-14 |
|          504 | cherokee   |    250000 | 2015-07-13 |
|          275 | delaware   |    451000 | 2017-07-24 |
|          436 | delaware   |    440000 | 2017-10-26 |
|          446 | delaware   |    400000 | 2017-11-07 |
|          453 | delaware   |    507500 | 2017-10-03 |
|          469 | delaware   |    745000 | 2017-06-30 |
|          534 | delaware   |    541700 | 2017-06-13 |
|          317 | delaware   |    347000 | 2017-06-06 |
|          257 | delaware   |    487500 | 2016-10-25 |
|          310 | delaware   |    417000 | 2016-10-17 |
|          344 | delaware   |    395000 | 2016-02-25 |
|          339 | delaware   |    200000 | 2015-09-14 |
|           43 | elati      |    570000 | 2017-05-19 |
|          436 | elati      |    515000 | 2017-08-15 |
|          444 | elati      |    334260 | 2017-06-14 |
|          462 | elati      |    342000 | 2017-09-13 |
|          311 | elati      |    260000 | 2016-12-12 |
|          440 | elati      |    480000 | 2016-07-12 |
|          239 | fox        |    240000 | 2017-12-14 |
|          334 | fox        |    608000 | 2017-12-27 |
|          341 | fox        |    450000 | 2017-03-21 |
|          424 | fox        |    311000 | 2017-08-08 |
|          418 | fox        |    300000 | 2016-10-27 |
|          404 | fox        |    392000 | 2016-05-19 |
|          305 | fox        |    217000 | 2016-04-08 |
|          450 | fox        |    394000 | 2016-02-23 |
|          547 | fox        |    430000 | 2016-02-01 |
|          310 | fox        |    305000 | 2016-01-08 |
|          433 | fox        |    455000 | 2015-09-22 |
|          114 | galapago   |    395000 | 2017-12-04 |
|          321 | galapago   |    310000 | 2017-07-03 |
|          346 | galapago   |    412000 | 2017-12-29 |
|          449 | galapago   |    520000 | 2016-06-30 |
|          466 | galapago   |    450000 | 2017-08-29 |
|          519 | galapago   |    430000 | 2017-11-21 |
|          547 | galapago   |    575000 | 2017-09-14 |
|          232 | galapago   |    245000 | 2017-03-01 |
|          355 | galapago   |    512000 | 2016-12-01 |
|          347 | galapago   |    375000 | 2016-09-27 |
|          549 | galapago   |    548000 | 2016-08-02 |
|          256 | galapago   |    400000 | 2016-07-06 |
|          342 | galapago   |    460000 | 2016-06-24 |
|          234 | galapago   |    239500 | 2016-06-01 |
|          443 | galapago   |    425000 | 2015-12-15 |
|          425 | galapago   |    470000 | 2015-11-03 |
|          215 | inca       |    325000 | 2017-11-20 |
|          229 | inca       |    415000 | 2017-06-26 |
|          243 | inca       |    325000 | 2017-10-02 |
|          261 | inca       |    363000 | 2017-09-15 |
|          311 | inca       |    448000 | 2017-08-23 |
|          409 | inca       |    549900 | 2017-08-25 |
|          534 | inca       |    569900 | 2017-08-28 |
|          604 | inca       |    220000 | 2017-11-16 |
|          241 | inca       |    417000 | 2017-05-16 |
|          322 | inca       |    424000 | 2016-10-05 |
|          448 | inca       |    217500 | 2016-02-11 |
|          338 | inca       |    200000 | 2015-12-10 |
|          272 | inca       |    402500 | 2015-09-30 |
+--------------+------------+-----------+------------+
90 rows in set (0.03 sec)

mysql> 
